// Jest Snapshot v1, https://goo.gl/fbAQLP

exports[`<CategoryGrid /> should mount properly 1`] = `
<CategoryGrid
  active=""
  categories={Array []}
  dispatch={[Function]}
>
  <div
    className="category-grid"
  />
</CategoryGrid>
`;
